[load] ./data/brfss_2023_clean.parquet
  shape: (382987, 19)
  weights: uniform (column _LLCPWT not found)

[train] XGBoost via 5-fold CV
  full-data AUROC: 0.7048

[point] weighted point estimates (full data)
  target aggregate rate (weighted mean(y)): 0.3485
  [Unmitigated   ] acc=0.6775 DPD=0.1817 OCFviol(Linf)=0.3242 TPR_Black_NH=0.6076
  [DP            ] acc=0.6690 DPD=0.0000 OCFviol(Linf)=0.2412 TPR_Black_NH=0.4760
  [OCF           ] acc=0.6794 DPD=0.2875 OCFviol(Linf)=0.0001 TPR_Black_NH=0.6747
  [EO            ] acc=0.6293 DPD=0.1090 OCFviol(Linf)=0.2502 TPR_Black_NH=0.7044

[bootstrap] 1000 replicates, stratified by region
  replicate 1/1000
  replicate 100/1000
  replicate 200/1000
  replicate 300/1000
  replicate 400/1000
  replicate 500/1000
  replicate 600/1000
  replicate 700/1000
  replicate 800/1000
  replicate 900/1000
  replicate 1000/1000

[summary] 95% bootstrap percentile CIs

  saved: results_brfss_2023/bootstrap_XGBoost_summary.csv
  saved: results_brfss_2023/bootstrap_XGBoost_raw.csv

===========================================================================
HEADLINE  (XGBoost on BRFSS 2024, weighted, n_boot=1000, high_burden=Black_NH)
===========================================================================
Method                             TPR (95% CI)     OCFviol Linf
Unmitigated    0.6076 [0.5997, 0.6157]       0.3242
DP             0.4760 [0.4713, 0.4816]       0.2412
OCF            0.6747 [0.6681, 0.6815]       0.0001
EO             0.7044 [0.6426, 0.7964]       0.2502

[theorem checks across bootstrap replicates]
  Theorem 1 (DP < Unmit, TPR_Black_NH):  1000/1000 = 100.0%
  Theorem 4 (OCF > DP,  TPR_Black_NH):  1000/1000 = 100.0%
      Δ(OCF-DP): mean=+0.1984, 95% CI [+0.1915, +0.2056]
      Δ(OCF-Unmit): mean=+0.0671, 95% CI [+0.0599, +0.0746]
